src/components/Button/src/component.ts(229,17): error TS1005: '>' expected.
src/components/Button/src/component.ts(229,24): error TS1005: ')' expected.
src/components/Button/src/component.ts(229,27): error TS1136: Property assignment expected.
src/components/Button/src/component.ts(229,29): error TS1005: ',' expected.
src/components/Button/src/component.ts(232,14): error TS1136: Property assignment expected.
src/components/Button/src/component.ts(234,19): error TS1005: ';' expected.
src/components/Button/src/component.ts(235,29): error TS1005: ';' expected.
src/components/Button/src/component.ts(236,27): error TS1005: ';' expected.
src/components/Button/src/component.ts(237,32): error TS1005: ';' expected.
src/components/Button/src/component.ts(238,34): error TS1005: ';' expected.
src/components/Button/src/component.ts(239,42): error TS1005: ';' expected.
src/components/Button/src/component.ts(240,42): error TS1005: ';' expected.
src/components/Button/src/component.ts(241,47): error TS1005: ';' expected.
src/components/Button/src/component.ts(242,53): error TS1005: ';' expected.
src/components/Button/src/component.ts(243,59): error TS1005: ';' expected.
src/components/Button/src/component.ts(246,13): error TS1109: Expression expected.
src/components/Button/src/component.ts(248,7): error TS1161: Unterminated regular expression literal.
src/components/Button/src/component.ts(249,9): error TS1128: Declaration or statement expected.
src/components/Button/src/component.ts(254,21): error TS1005: '>' expected.
src/components/Button/src/component.ts(255,21): error TS1005: ')' expected.
src/components/Button/src/component.ts(255,30): error TS1136: Property assignment expected.
src/components/Button/src/component.ts(257,18): error TS1005: ';' expected.
src/components/Button/src/component.ts(258,24): error TS1005: ';' expected.
src/components/Button/src/component.ts(261,17): error TS1109: Expression expected.
src/components/Button/src/component.ts(263,7): error TS1161: Unterminated regular expression literal.
src/components/Button/src/component.ts(264,13): error TS1128: Declaration or statement expected.
src/components/Button/src/component.ts(265,9): error TS1128: Declaration or statement expected.
src/components/Button/src/component.ts(268,5): error TS1128: Declaration or statement expected.
src/components/Button/src/component.ts(274,1): error TS1128: Declaration or statement expected.
